I'm sorry, but errors were detected in your script. Please correct the
errors listed below, and try again.


File "game/script.rpy", line 17: end of line expected.
    ada meh "ESTOU MEH" at center
                        ^

Ren'Py Version: Ren'Py 8.2.3.24061702
Mon Jul 29 09:47:39 2024
